// Jest Snapshot v1, https://goo.gl/fbAQLP

exports[`generateLinkedList should generate linked list from values 2 1`] = `
{
  "next": {
    "next": {
      "next": {
        "next": {
          "next": {
            "next": {
              "next": {
                "next": {
                  "next": {
                    "next": {
                      "next": null,
                      "value": null,
                    },
                    "value": "blueberry",
                  },
                  "value": "kiwi",
                },
                "value": "strawberry",
              },
              "value": "pear",
            },
            "value": "pineapple",
          },
          "value": "melon",
        },
        "value": "grape",
      },
      "value": "orange",
    },
    "value": "banana",
  },
  "value": "apple",
}
`;
